/home/IBT/rathore/cadet-venv/lib/python3.12/site-packages/cadet/cadet.py:510: FutureWarning: Cadet.run_load() will be removed in a future release. Please use Cadet.run_simulation()
  warnings.warn(
=== Study 1: CGL P4 ===
  n_repeats: 5
  n_jobs: 1


 radCol1D_DG_CGL_transport_1comp_P4

 Method:  4 

Outlet convergence
{'$N_d$': ['4', '4', '4', '4', '4', '4', '4'], '$N_e^z$': [1.0, 2.0, 4.0, 8.0, 16.0, 32.0, 64.0], 'Max. error': [0.1503783014533676, 0.02990337986773337, 0.0005885665162343179, 3.6105635921792473e-06, 1.4620370580864517e-08, 8.650402616439123e-11, 1.335787869205518e-10], 'Max. EOC': [0.0, 2.3302159499347925, 5.666959276703954, 7.348837606261394, 7.948100362868837, 7.400996882450002, -0.6268517308287577], '$L^1$ error': [144.5948957735815, 27.816330998294994, 0.4400318089642342, 0.001978842290802347, 9.408306450734342e-06, 7.65376837031026e-08, 7.606181271050416e-08], '$L^1$ EOC': [0.0, 2.378012581155734, 5.982180512416142, 7.796807369175498, 7.7165058692188175, 6.94162100200492, 0.008997918901530165], '$L^2$ error': [3.3600352620904963, 0.6844218946614838, 0.011590604877594437, 5.6973030581144637e-05, 2.8590184604839365e-07, 1.8967711606211494e-09, 2.1461102129262243e-09], '$L^2$ EOC': [0.0, 2.29551855602942, 5.883858149204935, 7.668460992835118, 7.638615404293796, 7.235830492453552, -0.178178534519669], 'Sim. time': [0.0042134780000000005, 0.010625815, 0.032956605, 0.08420440100000001, 0.19757177, 0.421741607, 0.8899752830000001], 'Min. value': [-0.12910526943903178, -0.025755588765513517, -0.0002056774741594243, -3.484546422095467e-07, -2.3295654267544226e-10, -3.3770513335883125e-16, -1.5961779586316323e-24], 'DoF': [11.0, 21.0, 41.0, 81.0, 161.0, 321.0, 641.0], 'Bulk DoF': [5.0, 10.0, 20.0, 40.0, 80.0, 160.0, 320.0]}

  Rerunning 4 more times for minimum wall time...
    radCol1D_DG_CGL_transport_1comp_P4_DG_P4Z1.h5: best time = 0.004103s
    radCol1D_DG_CGL_transport_1comp_P4_DG_P4Z16.h5: best time = 0.196562s
    radCol1D_DG_CGL_transport_1comp_P4_DG_P4Z2.h5: best time = 0.010626s
    radCol1D_DG_CGL_transport_1comp_P4_DG_P4Z32.h5: best time = 0.421742s
    radCol1D_DG_CGL_transport_1comp_P4_DG_P4Z4.h5: best time = 0.032957s
    radCol1D_DG_CGL_transport_1comp_P4_DG_P4Z64.h5: best time = 0.889975s
    radCol1D_DG_CGL_transport_1comp_P4_DG_P4Z8.h5: best time = 0.084204s

 radCol1D_DG_CGL_transport_1comp_P4

 Method:  4 

Outlet convergence
{'$N_d$': ['4', '4', '4', '4', '4', '4', '4'], '$N_e^z$': [1.0, 2.0, 4.0, 8.0, 16.0, 32.0, 64.0], 'Max. error': [0.1503783014533676, 0.02990337986773337, 0.0005885665162343179, 3.6105635921792473e-06, 1.4620370580864517e-08, 8.650402616439123e-11, 1.335787869205518e-10], 'Max. EOC': [0.0, 2.3302159499347925, 5.666959276703954, 7.348837606261394, 7.948100362868837, 7.400996882450002, -0.6268517308287577], '$L^1$ error': [144.5948957735815, 27.816330998294994, 0.4400318089642342, 0.001978842290802347, 9.408306450734342e-06, 7.65376837031026e-08, 7.606181271050416e-08], '$L^1$ EOC': [0.0, 2.378012581155734, 5.982180512416142, 7.796807369175498, 7.7165058692188175, 6.94162100200492, 0.008997918901530165], '$L^2$ error': [3.3600352620904963, 0.6844218946614838, 0.011590604877594437, 5.6973030581144637e-05, 2.8590184604839365e-07, 1.8967711606211494e-09, 2.1461102129262243e-09], '$L^2$ EOC': [0.0, 2.29551855602942, 5.883858149204935, 7.668460992835118, 7.638615404293796, 7.235830492453552, -0.178178534519669], 'Sim. time': [0.004102518, 0.010625815, 0.032956605, 0.08420440100000001, 0.19656158, 0.421741607, 0.8899752830000001], 'Min. value': [-0.12910526943903178, -0.025755588765513517, -0.0002056774741594243, -3.484546422095467e-07, -2.3295654267544226e-10, -3.3770513335883125e-16, -1.5961779586316323e-24], 'DoF': [11.0, 21.0, 41.0, 81.0, 161.0, 321.0, 641.0], 'Bulk DoF': [5.0, 10.0, 20.0, 40.0, 80.0, 160.0, 320.0]}

=== Done: CGL P4 ===
