/home/IBT/rathore/cadet-venv/lib/python3.12/site-packages/cadet/cadet.py:510: FutureWarning: Cadet.run_load() will be removed in a future release. Please use Cadet.run_simulation()
  warnings.warn(
=== Study 1: LGL P1 ===
  n_repeats: 5
  n_jobs: 1


 radCol1D_DG_LGL_transport_1comp_P1

 Method:  1 

Outlet convergence
{'$N_d$': ['1', '1', '1', '1', '1', '1', '1', '1', '1', '1'], '$N_e^z$': [1.0, 2.0, 4.0, 8.0, 16.0, 32.0, 64.0, 128.0, 256.0, 512.0], 'Max. error': [0.16455967897748017, 0.1188580287103809, 0.07412605984559659, 0.02724054377881667, 0.0070208903446855875, 0.001678727631750393, 0.0004060774297881542, 9.969971450052295e-05, 2.4701397279003334e-05, 6.148848218090475e-06], 'Max. EOC': [0.0, 0.4693715257653708, 0.6811866264067438, 1.4442253244093373, 1.9560296022204366, 2.064285818992459, 2.0475414284623152, 2.026093564529014, 2.01299672057665, 2.0062045527516235], '$L^1$ error': [238.68340890231786, 157.68214111444485, 72.73694088778852, 21.608757231727736, 5.066793644052375, 1.1940882860942894, 0.28673403059004365, 0.07004308537274204, 0.01730176893533539, 0.004300014629568747], '$L^1$ EOC': [0.0, 0.5980790153663603, 1.1162591150478016, 1.7510721494089239, 2.0924711235982456, 2.085163565607034, 2.0581244637180482, 2.033398598313241, 2.0173230886188196, 2.0085060734579425], '$L^2$ error': [4.821627724461074, 3.334166795054418, 1.7141779435451452, 0.565558105323675, 0.13895481921380629, 0.03293077282183935, 0.007939254115251211, 0.0019446396460125971, 0.00048110657251476983, 0.00011966841597919592], '$L^2$ EOC': [0.0, 0.5321939870526078, 0.9598093994398303, 1.5997697198284735, 2.025059383245567, 2.077107596058335, 2.052360990471778, 2.029500634530202, 2.0150744258131983, 2.007314075772315], 'Sim. time': [0.001249749, 0.002788729, 0.006824677, 0.016539783000000002, 0.041568281000000006, 0.10065600300000001, 0.21721193000000003, 0.45962331, 0.943103918, 1.960725553], 'Min. value': [-0.16455967897748017, -0.07585950910770652, -0.0455878492422149, -0.015210018096392006, -0.0008335138622993775, -2.734899058096465e-06, -2.052167573286072e-09, -1.8327921060507634e-13, -3.346036710736139e-19, -1.468024177579673e-27], 'DoF': [5.0, 9.0, 17.0, 33.0, 65.0, 129.0, 257.0, 513.0, 1025.0, 2049.0], 'Bulk DoF': [2.0, 4.0, 8.0, 16.0, 32.0, 64.0, 128.0, 256.0, 512.0, 1024.0]}

  Rerunning 4 more times for minimum wall time...
    radCol1D_DG_LGL_transport_1comp_P1_DG_P1Z1.h5: best time = 0.001242s
    radCol1D_DG_LGL_transport_1comp_P1_DG_P1Z128.h5: best time = 0.457456s
    radCol1D_DG_LGL_transport_1comp_P1_DG_P1Z16.h5: best time = 0.041568s
    radCol1D_DG_LGL_transport_1comp_P1_DG_P1Z2.h5: best time = 0.002789s
    radCol1D_DG_LGL_transport_1comp_P1_DG_P1Z256.h5: best time = 0.943104s
    radCol1D_DG_LGL_transport_1comp_P1_DG_P1Z32.h5: best time = 0.099596s
    radCol1D_DG_LGL_transport_1comp_P1_DG_P1Z4.h5: best time = 0.006825s
    radCol1D_DG_LGL_transport_1comp_P1_DG_P1Z512.h5: best time = 1.960726s
    radCol1D_DG_LGL_transport_1comp_P1_DG_P1Z64.h5: best time = 0.215171s
    radCol1D_DG_LGL_transport_1comp_P1_DG_P1Z8.h5: best time = 0.016540s

 radCol1D_DG_LGL_transport_1comp_P1

 Method:  1 

Outlet convergence
{'$N_d$': ['1', '1', '1', '1', '1', '1', '1', '1', '1', '1'], '$N_e^z$': [1.0, 2.0, 4.0, 8.0, 16.0, 32.0, 64.0, 128.0, 256.0, 512.0], 'Max. error': [0.16455967897748017, 0.1188580287103809, 0.07412605984559659, 0.02724054377881667, 0.0070208903446855875, 0.001678727631750393, 0.0004060774297881542, 9.969971450052295e-05, 2.4701397279003334e-05, 6.148848218090475e-06], 'Max. EOC': [0.0, 0.4693715257653708, 0.6811866264067438, 1.4442253244093373, 1.9560296022204366, 2.064285818992459, 2.0475414284623152, 2.026093564529014, 2.01299672057665, 2.0062045527516235], '$L^1$ error': [238.68340890231786, 157.68214111444485, 72.73694088778852, 21.608757231727736, 5.066793644052375, 1.1940882860942894, 0.28673403059004365, 0.07004308537274204, 0.01730176893533539, 0.004300014629568747], '$L^1$ EOC': [0.0, 0.5980790153663603, 1.1162591150478016, 1.7510721494089239, 2.0924711235982456, 2.085163565607034, 2.0581244637180482, 2.033398598313241, 2.0173230886188196, 2.0085060734579425], '$L^2$ error': [4.821627724461074, 3.334166795054418, 1.7141779435451452, 0.565558105323675, 0.13895481921380629, 0.03293077282183935, 0.007939254115251211, 0.0019446396460125971, 0.00048110657251476983, 0.00011966841597919592], '$L^2$ EOC': [0.0, 0.5321939870526078, 0.9598093994398303, 1.5997697198284735, 2.025059383245567, 2.077107596058335, 2.052360990471778, 2.029500634530202, 2.0150744258131983, 2.007314075772315], 'Sim. time': [0.001242419, 0.002788729, 0.006824677, 0.016539783000000002, 0.041568281000000006, 0.09959596400000001, 0.215170841, 0.45745608000000004, 0.943103918, 1.960725553], 'Min. value': [-0.16455967897748017, -0.07585950910770652, -0.0455878492422149, -0.015210018096392006, -0.0008335138622993775, -2.734899058096465e-06, -2.052167573286072e-09, -1.8327921060507634e-13, -3.346036710736139e-19, -1.468024177579673e-27], 'DoF': [5.0, 9.0, 17.0, 33.0, 65.0, 129.0, 257.0, 513.0, 1025.0, 2049.0], 'Bulk DoF': [2.0, 4.0, 8.0, 16.0, 32.0, 64.0, 128.0, 256.0, 512.0, 1024.0]}

=== Done: LGL P1 ===
