/home/IBT/rathore/cadet-venv/lib/python3.12/site-packages/cadet/cadet.py:510: FutureWarning: Cadet.run_load() will be removed in a future release. Please use Cadet.run_simulation()
  warnings.warn(
=== Study 1: CGL P3 ===
  n_repeats: 5
  n_jobs: 1


 radCol1D_DG_CGL_transport_1comp_P3

 Method:  3 

Outlet convergence
{'$N_d$': ['3', '3', '3', '3', '3', '3', '3', '3'], '$N_e^z$': [1.0, 2.0, 4.0, 8.0, 16.0, 32.0, 64.0, 128.0], 'Max. error': [0.17738136858409215, 0.0566367153981219, 0.004948244294147738, 8.022977892119254e-05, 1.1831782914528688e-06, 1.801446589122513e-08, 3.6830666294562775e-10, 9.253556254584794e-11], 'Max. EOC': [0.0, 1.6470449777979097, 3.5167489670367305, 5.946635095689751, 6.083398428981287, 6.037367799392591, 5.612104570962032, 1.992827674298766], '$L^1$ error': [178.005307712737, 57.7313972023731, 3.887258028686304, 0.057257937107187476, 0.0008600436849005502, 1.346084077187504e-05, 2.5462963417234367e-07, 8.45360535892121e-08], '$L^1$ EOC': [0.0, 1.6244922130485295, 3.8925313622703, 6.085133370183448, 6.05692194187213, 5.997569512222922, 5.724224382114357, 1.5907616625084815], '$L^2$ error': [3.976158601295051, 1.3762690731235259, 0.10172787531961043, 0.0015758430185877092, 2.36938745981685e-05, 3.757361169398369e-07, 7.168070373169131e-09, 2.222052203454476e-09], '$L^2$ EOC': [0.0, 1.530612746748852, 3.7579755940112722, 6.012447423873934, 6.055465876105383, 5.978650528802038, 5.7119911875623135, 1.6896920903845576], 'Sim. time': [0.0029528690000000003, 0.006983567, 0.02113659, 0.050519137000000006, 0.12958669, 0.280249032, 0.584977952, 1.222587431], 'Min. value': [-0.13476697283358283, -0.05588409107040464, -0.00229911233710761, -2.9114682629678498e-06, -4.930688992480163e-09, -2.3634784047989383e-11, -2.4791056785182504e-14, -2.8050806207269518e-18], 'DoF': [9.0, 17.0, 33.0, 65.0, 129.0, 257.0, 513.0, 1025.0], 'Bulk DoF': [4.0, 8.0, 16.0, 32.0, 64.0, 128.0, 256.0, 512.0]}

  Rerunning 4 more times for minimum wall time...
    radCol1D_DG_CGL_transport_1comp_P3_DG_P3Z1.h5: best time = 0.002899s
    radCol1D_DG_CGL_transport_1comp_P3_DG_P3Z128.h5: best time = 1.222587s
    radCol1D_DG_CGL_transport_1comp_P3_DG_P3Z16.h5: best time = 0.128862s
    radCol1D_DG_CGL_transport_1comp_P3_DG_P3Z2.h5: best time = 0.006984s
    radCol1D_DG_CGL_transport_1comp_P3_DG_P3Z32.h5: best time = 0.280249s
    radCol1D_DG_CGL_transport_1comp_P3_DG_P3Z4.h5: best time = 0.021137s
    radCol1D_DG_CGL_transport_1comp_P3_DG_P3Z64.h5: best time = 0.583783s
    radCol1D_DG_CGL_transport_1comp_P3_DG_P3Z8.h5: best time = 0.050519s

 radCol1D_DG_CGL_transport_1comp_P3

 Method:  3 

Outlet convergence
{'$N_d$': ['3', '3', '3', '3', '3', '3', '3', '3'], '$N_e^z$': [1.0, 2.0, 4.0, 8.0, 16.0, 32.0, 64.0, 128.0], 'Max. error': [0.17738136858409215, 0.0566367153981219, 0.004948244294147738, 8.022977892119254e-05, 1.1831782914528688e-06, 1.801446589122513e-08, 3.6830666294562775e-10, 9.253556254584794e-11], 'Max. EOC': [0.0, 1.6470449777979097, 3.5167489670367305, 5.946635095689751, 6.083398428981287, 6.037367799392591, 5.612104570962032, 1.992827674298766], '$L^1$ error': [178.005307712737, 57.7313972023731, 3.887258028686304, 0.057257937107187476, 0.0008600436849005502, 1.346084077187504e-05, 2.5462963417234367e-07, 8.45360535892121e-08], '$L^1$ EOC': [0.0, 1.6244922130485295, 3.8925313622703, 6.085133370183448, 6.05692194187213, 5.997569512222922, 5.724224382114357, 1.5907616625084815], '$L^2$ error': [3.976158601295051, 1.3762690731235259, 0.10172787531961043, 0.0015758430185877092, 2.36938745981685e-05, 3.757361169398369e-07, 7.168070373169131e-09, 2.222052203454476e-09], '$L^2$ EOC': [0.0, 1.530612746748852, 3.7579755940112722, 6.012447423873934, 6.055465876105383, 5.978650528802038, 5.7119911875623135, 1.6896920903845576], 'Sim. time': [0.0028990780000000002, 0.006983567, 0.02113659, 0.050519137000000006, 0.128862441, 0.280249032, 0.5837826810000001, 1.222587431], 'Min. value': [-0.13476697283358283, -0.05588409107040464, -0.00229911233710761, -2.9114682629678498e-06, -4.930688992480163e-09, -2.3634784047989383e-11, -2.4791056785182504e-14, -2.8050806207269518e-18], 'DoF': [9.0, 17.0, 33.0, 65.0, 129.0, 257.0, 513.0, 1025.0], 'Bulk DoF': [4.0, 8.0, 16.0, 32.0, 64.0, 128.0, 256.0, 512.0]}

=== Done: CGL P3 ===
