/home/IBT/rathore/cadet-venv/lib/python3.12/site-packages/cadet/cadet.py:510: FutureWarning: Cadet.run_load() will be removed in a future release. Please use Cadet.run_simulation()
  warnings.warn(
=== Study 1: LGL P3 ===
  n_repeats: 5
  n_jobs: 1


 radCol1D_DG_LGL_transport_1comp_P3

 Method:  3 

Outlet convergence
{'$N_d$': ['3', '3', '3', '3', '3', '3', '3', '3'], '$N_e^z$': [1.0, 2.0, 4.0, 8.0, 16.0, 32.0, 64.0, 128.0], 'Max. error': [0.17738136858368872, 0.05663671539581361, 0.004948244293965599, 8.022977913244023e-05, 1.1831784477167595e-06, 1.801465421280568e-08, 3.679389293242963e-10, 9.314121696135658e-11], 'Max. EOC': [0.0, 1.6470449778534269, 3.5167489670310355, 5.946635091837983, 6.083398242241359, 6.0373529082078665, 5.613560822646975, 1.9819746896447168], '$L^1$ error': [178.00530771331114, 57.73139719143737, 3.8872580292039713, 0.05725793765666476, 0.0008600432195230044, 1.3460714899723123e-05, 2.547554960918583e-07, 8.425569022569878e-08], '$L^1$ EOC': [0.0, 1.6244922133264648, 3.8925313618048945, 6.0851333565307115, 6.056922736372753, 5.997582222253327, 5.723497952003664, 1.5962672440021286], '$L^2$ error': [3.9761586013129664, 1.3762690732565892, 0.10172787534197195, 0.001575843034907419, 2.369385901783319e-05, 3.757340799300609e-07, 7.168710712146346e-09, 2.2170873569693985e-09], '$L^2$ EOC': [0.0, 1.5306127466158665, 3.757975593833629, 6.012447409250258, 6.055466839716689, 5.978657401556563, 5.711854492875984, 1.6930480585780547], 'Sim. time': [0.0028521690000000003, 0.007585316000000001, 0.02132583, 0.050489997, 0.126988182, 0.277757023, 0.5818726040000001, 1.237645173], 'Min. value': [-0.1347669728338985, -0.05588409106737584, -0.00229911233713375, -2.9114682668489196e-06, -4.930689004165452e-09, -2.36347839332485e-11, -2.4791056911171154e-14, -2.8050806590339356e-18], 'DoF': [9.0, 17.0, 33.0, 65.0, 129.0, 257.0, 513.0, 1025.0], 'Bulk DoF': [4.0, 8.0, 16.0, 32.0, 64.0, 128.0, 256.0, 512.0]}

  Rerunning 4 more times for minimum wall time...
    radCol1D_DG_LGL_transport_1comp_P3_DG_P3Z1.h5: best time = 0.002852s
    radCol1D_DG_LGL_transport_1comp_P3_DG_P3Z128.h5: best time = 1.237645s
    radCol1D_DG_LGL_transport_1comp_P3_DG_P3Z16.h5: best time = 0.126988s
    radCol1D_DG_LGL_transport_1comp_P3_DG_P3Z2.h5: best time = 0.007139s
    radCol1D_DG_LGL_transport_1comp_P3_DG_P3Z32.h5: best time = 0.277757s
    radCol1D_DG_LGL_transport_1comp_P3_DG_P3Z4.h5: best time = 0.021326s
    radCol1D_DG_LGL_transport_1comp_P3_DG_P3Z64.h5: best time = 0.581873s
    radCol1D_DG_LGL_transport_1comp_P3_DG_P3Z8.h5: best time = 0.050490s

 radCol1D_DG_LGL_transport_1comp_P3

 Method:  3 

Outlet convergence
{'$N_d$': ['3', '3', '3', '3', '3', '3', '3', '3'], '$N_e^z$': [1.0, 2.0, 4.0, 8.0, 16.0, 32.0, 64.0, 128.0], 'Max. error': [0.17738136858368872, 0.05663671539581361, 0.004948244293965599, 8.022977913244023e-05, 1.1831784477167595e-06, 1.801465421280568e-08, 3.679389293242963e-10, 9.314121696135658e-11], 'Max. EOC': [0.0, 1.6470449778534269, 3.5167489670310355, 5.946635091837983, 6.083398242241359, 6.0373529082078665, 5.613560822646975, 1.9819746896447168], '$L^1$ error': [178.00530771331114, 57.73139719143737, 3.8872580292039713, 0.05725793765666476, 0.0008600432195230044, 1.3460714899723123e-05, 2.547554960918583e-07, 8.425569022569878e-08], '$L^1$ EOC': [0.0, 1.6244922133264648, 3.8925313618048945, 6.0851333565307115, 6.056922736372753, 5.997582222253327, 5.723497952003664, 1.5962672440021286], '$L^2$ error': [3.9761586013129664, 1.3762690732565892, 0.10172787534197195, 0.001575843034907419, 2.369385901783319e-05, 3.757340799300609e-07, 7.168710712146346e-09, 2.2170873569693985e-09], '$L^2$ EOC': [0.0, 1.5306127466158665, 3.757975593833629, 6.012447409250258, 6.055466839716689, 5.978657401556563, 5.711854492875984, 1.6930480585780547], 'Sim. time': [0.0028521690000000003, 0.007139277, 0.02132583, 0.050489997, 0.126988182, 0.277757023, 0.5818726040000001, 1.237645173], 'Min. value': [-0.1347669728338985, -0.05588409106737584, -0.00229911233713375, -2.9114682668489196e-06, -4.930689004165452e-09, -2.36347839332485e-11, -2.4791056911171154e-14, -2.8050806590339356e-18], 'DoF': [9.0, 17.0, 33.0, 65.0, 129.0, 257.0, 513.0, 1025.0], 'Bulk DoF': [4.0, 8.0, 16.0, 32.0, 64.0, 128.0, 256.0, 512.0]}

=== Done: LGL P3 ===
