/home/IBT/rathore/cadet-venv/lib/python3.12/site-packages/cadet/cadet.py:510: FutureWarning: Cadet.run_load() will be removed in a future release. Please use Cadet.run_simulation()
  warnings.warn(
=== Study 1: LGL P4 ===
  n_repeats: 5
  n_jobs: 1


 radCol1D_DG_LGL_transport_1comp_P4

 Method:  4 

Outlet convergence
{'$N_d$': ['4', '4', '4', '4', '4', '4', '4'], '$N_e^z$': [1.0, 2.0, 4.0, 8.0, 16.0, 32.0, 64.0], 'Max. error': [0.15037830145457776, 0.029903379871014008, 0.0005885665162157008, 3.6105636055834556e-06, 1.4600365222383616e-08, 8.707409793196064e-11, 1.3257411834999289e-10], 'Max. EOC': [0.0, 2.330215949788127, 5.666959276907863, 7.348837600859758, 7.950075789800479, 7.389545120773006, -0.606483627232576], '$L^1$ error': [144.59489577060373, 27.81633099919966, 0.440031813237492, 0.001978842396175039, 9.38881262035182e-06, 8.789891257883452e-08, 7.544061389164045e-08], '$L^1$ EOC': [0.0, 2.3780125810791026, 5.982180498452694, 7.796807306362839, 7.71949828358004, 6.738953587647354, 0.22050390163930428], '$L^2$ error': [3.3600352620587546, 0.6844218946307368, 0.011590604978695613, 5.697303041587456e-05, 2.858397291333686e-07, 2.149351710730717e-09, 2.12525510070446e-09], '$L^2$ EOC': [0.0, 2.295518556080603, 5.883858136555951, 7.668461009604328, 7.6389288835757805, 7.055161063153051, 0.01626555590530206], 'Sim. time': [0.004207398, 0.010774985, 0.032915145, 0.082992512, 0.191814902, 0.41867643800000004, 0.889753083], 'Min. value': [-0.1291052694389364, -0.02575558875481791, -0.0002056774741578925, -3.4845464220679836e-07, -2.329565424494896e-10, -3.3770505148526857e-16, -1.5961795073290064e-24], 'DoF': [11.0, 21.0, 41.0, 81.0, 161.0, 321.0, 641.0], 'Bulk DoF': [5.0, 10.0, 20.0, 40.0, 80.0, 160.0, 320.0]}

  Rerunning 4 more times for minimum wall time...
    radCol1D_DG_LGL_transport_1comp_P4_DG_P4Z1.h5: best time = 0.004143s
    radCol1D_DG_LGL_transport_1comp_P4_DG_P4Z16.h5: best time = 0.191815s
    radCol1D_DG_LGL_transport_1comp_P4_DG_P4Z2.h5: best time = 0.010775s
    radCol1D_DG_LGL_transport_1comp_P4_DG_P4Z32.h5: best time = 0.418676s
    radCol1D_DG_LGL_transport_1comp_P4_DG_P4Z4.h5: best time = 0.032915s
    radCol1D_DG_LGL_transport_1comp_P4_DG_P4Z64.h5: best time = 0.889753s
    radCol1D_DG_LGL_transport_1comp_P4_DG_P4Z8.h5: best time = 0.082993s

 radCol1D_DG_LGL_transport_1comp_P4

 Method:  4 

Outlet convergence
{'$N_d$': ['4', '4', '4', '4', '4', '4', '4'], '$N_e^z$': [1.0, 2.0, 4.0, 8.0, 16.0, 32.0, 64.0], 'Max. error': [0.15037830145457776, 0.029903379871014008, 0.0005885665162157008, 3.6105636055834556e-06, 1.4600365222383616e-08, 8.707409793196064e-11, 1.3257411834999289e-10], 'Max. EOC': [0.0, 2.330215949788127, 5.666959276907863, 7.348837600859758, 7.950075789800479, 7.389545120773006, -0.606483627232576], '$L^1$ error': [144.59489577060373, 27.81633099919966, 0.440031813237492, 0.001978842396175039, 9.38881262035182e-06, 8.789891257883452e-08, 7.544061389164045e-08], '$L^1$ EOC': [0.0, 2.3780125810791026, 5.982180498452694, 7.796807306362839, 7.71949828358004, 6.738953587647354, 0.22050390163930428], '$L^2$ error': [3.3600352620587546, 0.6844218946307368, 0.011590604978695613, 5.697303041587456e-05, 2.858397291333686e-07, 2.149351710730717e-09, 2.12525510070446e-09], '$L^2$ EOC': [0.0, 2.295518556080603, 5.883858136555951, 7.668461009604328, 7.6389288835757805, 7.055161063153051, 0.01626555590530206], 'Sim. time': [0.004142538, 0.010774985, 0.032915145, 0.082992512, 0.191814902, 0.41867643800000004, 0.889753083], 'Min. value': [-0.1291052694389364, -0.02575558875481791, -0.0002056774741578925, -3.4845464220679836e-07, -2.329565424494896e-10, -3.3770505148526857e-16, -1.5961795073290064e-24], 'DoF': [11.0, 21.0, 41.0, 81.0, 161.0, 321.0, 641.0], 'Bulk DoF': [5.0, 10.0, 20.0, 40.0, 80.0, 160.0, 320.0]}

=== Done: LGL P4 ===
