/home/IBT/rathore/cadet-venv/lib/python3.12/site-packages/cadet/cadet.py:510: FutureWarning: Cadet.run_load() will be removed in a future release. Please use Cadet.run_simulation()
  warnings.warn(
=== Study 1: LGL P5 ===
  n_repeats: 5
  n_jobs: 1


 radCol1D_DG_LGL_transport_1comp_P5

 Method:  5 

Outlet convergence
{'$N_d$': ['5', '5', '5', '5', '5', '5', '5'], '$N_e^z$': [1.0, 2.0, 4.0, 8.0, 16.0, 32.0, 64.0], 'Max. error': [0.1409117597218816, 0.013282848418339929, 8.66416237296462e-05, 1.269084649660468e-07, 2.273461176260927e-10, 7.875844421079137e-11, 1.1824763390677617e-10], 'Max. EOC': [0.0, 3.4071555547667627, 7.260288560465107, 9.415128168075428, 9.124682219269156, 1.5293838497603658, -0.5863047983081597], '$L^1$ error': [110.28598138433986, 11.303480207976131, 0.05319139566506311, 9.164585092264897e-05, 1.5819014379292846e-07, 7.884567390598731e-08, 8.693268163245136e-08], '$L^1$ EOC': [0.0, 3.2864104845626696, 7.731358422771239, 9.18090760914778, 9.178266043024038, 1.0045562092453226, -0.14086704885931267], '$L^2$ error': [2.71141442706121, 0.28881518100888154, 0.001487840169699286, 2.495452696027027e-06, 4.4591662701448535e-09, 2.0567656134320507e-09, 2.4202786402966563e-09], '$L^2$ EOC': [0.0, 3.2308271574511873, 7.600783212298597, 9.219702282546162, 9.128311846117333, 1.1163965994013219, -0.23479575532108787], 'Sim. time': [0.005409697000000001, 0.014996243000000001, 0.047103189000000004, 0.112521249, 0.271822736, 0.584663173, 1.26450043], 'Min. value': [-0.1409117597218816, -0.012979943342346058, -2.1977735463832454e-05, -5.0008101281126545e-08, -2.593301209963925e-12, -3.354684329609824e-17, -1.4378970701134375e-20], 'DoF': [13.0, 25.0, 49.0, 97.0, 193.0, 385.0, 769.0], 'Bulk DoF': [6.0, 12.0, 24.0, 48.0, 96.0, 192.0, 384.0]}

  Rerunning 4 more times for minimum wall time...
    radCol1D_DG_LGL_transport_1comp_P5_DG_P5Z1.h5: best time = 0.005347s
    radCol1D_DG_LGL_transport_1comp_P5_DG_P5Z16.h5: best time = 0.268726s
    radCol1D_DG_LGL_transport_1comp_P5_DG_P5Z2.h5: best time = 0.014996s
    radCol1D_DG_LGL_transport_1comp_P5_DG_P5Z32.h5: best time = 0.584663s
    radCol1D_DG_LGL_transport_1comp_P5_DG_P5Z4.h5: best time = 0.047103s
    radCol1D_DG_LGL_transport_1comp_P5_DG_P5Z64.h5: best time = 1.264500s
    radCol1D_DG_LGL_transport_1comp_P5_DG_P5Z8.h5: best time = 0.111947s

 radCol1D_DG_LGL_transport_1comp_P5

 Method:  5 

Outlet convergence
{'$N_d$': ['5', '5', '5', '5', '5', '5', '5'], '$N_e^z$': [1.0, 2.0, 4.0, 8.0, 16.0, 32.0, 64.0], 'Max. error': [0.1409117597218816, 0.013282848418339929, 8.66416237296462e-05, 1.269084649660468e-07, 2.273461176260927e-10, 7.875844421079137e-11, 1.1824763390677617e-10], 'Max. EOC': [0.0, 3.4071555547667627, 7.260288560465107, 9.415128168075428, 9.124682219269156, 1.5293838497603658, -0.5863047983081597], '$L^1$ error': [110.28598138433986, 11.303480207976131, 0.05319139566506311, 9.164585092264897e-05, 1.5819014379292846e-07, 7.884567390598731e-08, 8.693268163245136e-08], '$L^1$ EOC': [0.0, 3.2864104845626696, 7.731358422771239, 9.18090760914778, 9.178266043024038, 1.0045562092453226, -0.14086704885931267], '$L^2$ error': [2.71141442706121, 0.28881518100888154, 0.001487840169699286, 2.495452696027027e-06, 4.4591662701448535e-09, 2.0567656134320507e-09, 2.4202786402966563e-09], '$L^2$ EOC': [0.0, 3.2308271574511873, 7.600783212298597, 9.219702282546162, 9.128311846117333, 1.1163965994013219, -0.23479575532108787], 'Sim. time': [0.005346737000000001, 0.014996243000000001, 0.047103189000000004, 0.111946558, 0.268726306, 0.584663173, 1.26450043], 'Min. value': [-0.1409117597218816, -0.012979943342346058, -2.1977735463832454e-05, -5.0008101281126545e-08, -2.593301209963925e-12, -3.354684329609824e-17, -1.4378970701134375e-20], 'DoF': [13.0, 25.0, 49.0, 97.0, 193.0, 385.0, 769.0], 'Bulk DoF': [6.0, 12.0, 24.0, 48.0, 96.0, 192.0, 384.0]}

=== Done: LGL P5 ===
